// Jest Snapshot v1, https://goo.gl/fbAQLP

exports[`Mission component renders correctly 1`] = `
<tr>
  <td />
  <td />
  <td
    className="button-status"
  >
    <div
      className="not_active"
    >
      NOT A MEMBER
    </div>
  </td>
  <td
    className="button-join"
  >
    <button
      className="join"
      onClick={[Function]}
      type="button"
    >
      Join Mission
    </button>
  </td>
</tr>
`;
